{
 "run1": {
  "state": "01e34460a2ea73c6ce8f03eeb3d3b5eb982de393908bcb8f6415b55d351ecfae",
  "ledger": "b889cbc6f4185a6190cbbd8ab75923fb06a918021d9fcb20e308003ac4bc5b00",
  "prompts": "af160a2ca154701a1fc7aae1995fdeb366b5bbc53f4d60053c9cfdf073840cd6",
  "metrics": "f130b7d3241a81e8e8c2ed432d41c647a9483919141baaa6659a634e57986bd5",
  "dashboard": "ee6faf784bac23919eddb864564574ce4d0c5d2aa7cf4e6f33b911bc6d89e308",
  "counts": {
   "PAIR_COMMITTED": 592,
   "PAIR_ABORTED": 20,
   "PAIR_TERMINAL_SPLIT": 36
  },
  "terminal": [
   "sol_haiku_raw"
  ],
  "n_attempts": 1285
 },
 "run2": {
  "state": "01e34460a2ea73c6ce8f03eeb3d3b5eb982de393908bcb8f6415b55d351ecfae",
  "ledger": "b889cbc6f4185a6190cbbd8ab75923fb06a918021d9fcb20e308003ac4bc5b00",
  "prompts": "af160a2ca154701a1fc7aae1995fdeb366b5bbc53f4d60053c9cfdf073840cd6",
  "metrics": "f130b7d3241a81e8e8c2ed432d41c647a9483919141baaa6659a634e57986bd5",
  "dashboard": "ee6faf784bac23919eddb864564574ce4d0c5d2aa7cf4e6f33b911bc6d89e308",
  "counts": {
   "PAIR_COMMITTED": 592,
   "PAIR_ABORTED": 20,
   "PAIR_TERMINAL_SPLIT": 36
  },
  "terminal": [
   "sol_haiku_raw"
  ],
  "n_attempts": 1285
 },
 "identical": true
}
